// Jest Snapshot v1, https://goo.gl/fbAQLP

exports[`version 1`] = `"1.0.0"`;
